
       score  depth   nodes  time                score  depth   nodes  time

 e2e4      0      0       0     5          e7e5      0      0       0     1
 g1f3      0      0       0     2          g8f6      0      0       0     1
 b1c3      0      0       0     3          f8b4     10      6  286351     2
 f1c4      0      0       0    34          d7d6     16      6  288088     2
 e1g1      0      0       0    12          b8c6     19      6  447709     3
 f1e1      0      0       0    13          c8g4     24      5  240722     2
 h2h3      0      0       0     2          g4f3     37      6  407321     2
 d1f3      0      0       0     3          c6d4     13      7  764157     4
 f3d1      0      0       0     5          e8g8     13      6  339102     2
 c3d5      0      0       0     6          f6d5      8      7  812510     4
 c4d5      0      0       0    26          c7c6     22      7  616656     3
 d5c4      0      0       0     3          d8f6     22      1      52     2
 c2c3      0      0       0     4          b7b5   -208      6  363477     2
 c4f1      0      0       0     7          b4c5   -235      7 1086064     5
 c3d4      0      0       0     2          c5d4   -238      7  515859     3
 d1f3      0      0       0     7          f6f3   -157      7  464611     3
 g2f3      0      0       0     2          f7f5   -138      7  313432     2
 e1e2      0      0       0    34          f8f7   -158      7  399309     3
 d2d3      0      0       0    28          a8f8   -181      7  395110     3
 c1e3      0      0       0    13          d4e3   -188      7  517010     3
 f2e3      0      0       0     6          f5e4   -204      8  999011     5
 f3e4      0      0       0     3          c6c5   -187      8  504809     3
 f1g2      0      0       0     6          a7a5   -187      7  310860     2
 a1f1      0      0       0     2          f7f1   -198      8  275772     2
 g2f1      0      0       0     1          g7g6   -203      8  352505     2
 e2f2      0      0       0     2          f8f2   -217      9  777910     4
 g1f2      0      0       0     1          g8f7   -213      9  343606     2
 a2a3      0      0       0    14          h7h6   -213     10 1096261     5
 f2g3      0      0       0     1          f7f6   -209      9  486976     2
 f1e2      0      0       0    11          f6e7   -221      9  551759     3
 g3g4      0      0       0     2          e7f6   -205      9  449158     2
 e2d1      0      0       0     7          f6e7   -232     10 1067311     5
 h3h4      0      0       0     8          e7f8   -240      9  450091     2
 h4h5      0      0       0     3          f8g7   -281     10  796366     3
 h5g6      0      0       0     6          g7g6   -302     10  443797     2
 g4h4      0      0       0     2          g6f7   -337     11 1186410     5
 h4h5      0      0       0     1          f7g7   -365     11  812519     3
 d1b3      0      0       0     4          b5b4   -365     10  344310     2
 b3d5      0      0       0     9          b4a3   -393     11  612707     3
 b2a3      0      0       0     1          g7h7   -382     12  731149     3
 d5e6      0      0       0     5          h7g7   -397     12  908193     3
 e6f5      0      0       0     7          g7f6   -403     12  714340     3
 h5h6      0      0       0     2          f6f7   -403     11  520955     2
 h6g5      0      0       0     2          f7e7   -438     12 1258187     5
 f5g4      0      0       0     4          e7f7   -454     11  366107     2
 g5f5      0      0       0     1          f7e7   -447     11  434030     2
 g4h5      0      0       0     1          e7d7   -538     12 1239973     4
 f5f6      0      0       0     2          c5c4   -626     11 1298849     4
 d3c4      0      0       0     3          d7c6   -763     12  619453     2
 f6e6      0      0       0     2          c6c5   -755     12  533640     2
 h5e2      0      0       0     2          c5c6   -792     13 1459133     5
 e6e7      0      0       0     6          c6c7   -815     12  405128     2
 e2g4      0      0       0     7          c7c6   -879     12  596894     2
 g4d7      0      0       0     3          c6c5   -919     12  634608     3
 d7b5      0      0       0     2          a5a4  -1631     13 1117063     4
 e7d7      0      0       0     6          c5b6  -1743     13  840173     3
 d7d6      0      0       0     2          b6a7  -1947     12  571842     2
 d6e5      0      0       0     1          a7b6  -2073     12  755800     3
 e5d6      0      0       0     1          b6b7  -9981     11   65369     1
 e4e5      0      0       0     1          b7c8  -9981      2      19     1
 e5e6      0      0       0     0          c8d8  -9982      2      12     1
 e6e7      0      0       0     1          d8c8  -9983      1       7     1
 e7e8      0      0       0     1          c8b7  -9984      1       7     1
 e8c6      0      0       0     1          b7a7  -9995      3     366     1
 c6c7      0      0       0     1          a7a8  -9997      1      44     1
 b5c6  -9999      1       5     1

